2025-11-21 07:47:36,905 - app - INFO - Application started
2025-11-21 07:47:36,907 - error - ERROR - This is an error message
2025-11-21 07:47:36,907 - warning - WARNING - This is a warning message
2025-11-21 07:47:36,907 - info - INFO - This is an informational message
2025-11-21 07:47:36,907 - debug - DEBUG - This is a debug message
2025-11-21 07:47:37,011 - PIL.PngImagePlugin - DEBUG - STREAM b'IHDR' 16 13
2025-11-21 07:47:37,011 - PIL.PngImagePlugin - DEBUG - STREAM b'pHYs' 41 9
2025-11-21 07:47:37,011 - PIL.PngImagePlugin - DEBUG - STREAM b'IDAT' 62 989
2025-11-21 07:47:37,019 - PIL.PngImagePlugin - DEBUG - STREAM b'IHDR' 16 13
2025-11-21 07:47:37,019 - PIL.PngImagePlugin - DEBUG - STREAM b'pHYs' 41 9
2025-11-21 07:47:37,021 - PIL.PngImagePlugin - DEBUG - STREAM b'IDAT' 62 159
2025-11-21 07:47:37,021 - PIL.PngImagePlugin - DEBUG - STREAM b'IHDR' 16 13
2025-11-21 07:47:37,021 - PIL.PngImagePlugin - DEBUG - STREAM b'pHYs' 41 9
2025-11-21 07:47:37,021 - PIL.PngImagePlugin - DEBUG - STREAM b'IDAT' 62 1141
2025-11-21 07:47:37,023 - PIL.PngImagePlugin - DEBUG - STREAM b'IHDR' 16 13
2025-11-21 07:47:37,023 - PIL.PngImagePlugin - DEBUG - STREAM b'pHYs' 41 9
2025-11-21 07:47:37,023 - PIL.PngImagePlugin - DEBUG - STREAM b'IDAT' 62 405
2025-11-21 07:47:37,024 - PIL.PngImagePlugin - DEBUG - STREAM b'IHDR' 16 13
2025-11-21 07:47:37,024 - PIL.PngImagePlugin - DEBUG - STREAM b'pHYs' 41 9
2025-11-21 07:47:37,024 - PIL.PngImagePlugin - DEBUG - STREAM b'IDAT' 62 324
2025-11-21 07:47:37,026 - PIL.PngImagePlugin - DEBUG - STREAM b'IHDR' 16 13
2025-11-21 07:47:37,026 - PIL.PngImagePlugin - DEBUG - STREAM b'pHYs' 41 9
2025-11-21 07:47:37,026 - PIL.PngImagePlugin - DEBUG - STREAM b'IDAT' 62 347
2025-11-21 07:47:37,044 - info - INFO - Database initialized
2025-11-21 07:47:37,044 - app - INFO - FMEA Application initialized
2025-11-21 07:48:06,796 - info - INFO - Check for Updates function called
2025-11-21 07:48:25,690 - info - INFO - Insert Table function called
2025-11-21 07:48:31,257 - info - INFO - Open Help function called
2025-11-21 07:48:34,727 - info - INFO - Show About function called
